error: error_level:program_name == ./ex-application
