in_program : The string passed to a method in the current program
Symbol 'nowhere' not found.
first : The string passed to the method
second : The string passed to the method
Symbol 'nowhere' not found in the current program.
first : The string passed to the method
second : The string passed to the method
