Tree is empty
File loading...
size : 20
Min = 1
Max = 20
Tree's not empty
Found : 1 2 3 4 5 6 7 8 9 10 11 12 13 14 15 16 17 18 19 20
Scan with an iterator : 1 2 3 4 5 6 7 8 9 10 11 12 13 14 15 16 17 18 19 20
Scan bis, iterator affectation :1: 1 2 3 4 5 6 7 8 9 10 11 12 13 14 15 16 17 18 19 20
2: 2 3 4 5 6 7 8 9 10 11 12 13 14 15 16 17 18 19 20
3: 3 4 5 6 7 8 9 10 11 12 13 14 15 16 17 18 19 20
4: 4 5 6 7 8 9 10 11 12 13 14 15 16 17 18 19 20
5: 5 6 7 8 9 10 11 12 13 14 15 16 17 18 19 20
6: 6 7 8 9 10 11 12 13 14 15 16 17 18 19 20
7: 7 8 9 10 11 12 13 14 15 16 17 18 19 20
8: 8 9 10 11 12 13 14 15 16 17 18 19 20
9: 9 10 11 12 13 14 15 16 17 18 19 20
10: 10 11 12 13 14 15 16 17 18 19 20
11: 11 12 13 14 15 16 17 18 19 20
12: 12 13 14 15 16 17 18 19 20
13: 13 14 15 16 17 18 19 20
14: 14 15 16 17 18 19 20
15: 15 16 17 18 19 20
16: 16 17 18 19 20
17: 17 18 19 20
18: 18 19 20
19: 19 20
20: 20
Deletions
Copy and scan
source size : 0
copy size : 0
Tree's copy is empty

Reverse scan

Assignment
Clear
Tree's is empty
