Tree is empty
File loading...
size : 30
Min = 1
Max = 30
Tree's not empty
Found : 1 2 3 4 5 6 7 8 9 10 11 12 13 14 15 16 17 18 19 20 21 22 23 24 25 26 27 28 29 30
Scan with an iterator : 1 2 3 4 5 6 7 8 9 10 11 12 13 14 15 16 17 18 19 20 21 22 23 24 25 26 27 28 29 30
Scan bis, iterator affectation :1: 1 2 3 4 5 6 7 8 9 10 11 12 13 14 15 16 17 18 19 20 21 22 23 24 25 26 27 28 29 30
2: 2 3 4 5 6 7 8 9 10 11 12 13 14 15 16 17 18 19 20 21 22 23 24 25 26 27 28 29 30
3: 3 4 5 6 7 8 9 10 11 12 13 14 15 16 17 18 19 20 21 22 23 24 25 26 27 28 29 30
4: 4 5 6 7 8 9 10 11 12 13 14 15 16 17 18 19 20 21 22 23 24 25 26 27 28 29 30
5: 5 6 7 8 9 10 11 12 13 14 15 16 17 18 19 20 21 22 23 24 25 26 27 28 29 30
6: 6 7 8 9 10 11 12 13 14 15 16 17 18 19 20 21 22 23 24 25 26 27 28 29 30
7: 7 8 9 10 11 12 13 14 15 16 17 18 19 20 21 22 23 24 25 26 27 28 29 30
8: 8 9 10 11 12 13 14 15 16 17 18 19 20 21 22 23 24 25 26 27 28 29 30
9: 9 10 11 12 13 14 15 16 17 18 19 20 21 22 23 24 25 26 27 28 29 30
10: 10 11 12 13 14 15 16 17 18 19 20 21 22 23 24 25 26 27 28 29 30
11: 11 12 13 14 15 16 17 18 19 20 21 22 23 24 25 26 27 28 29 30
12: 12 13 14 15 16 17 18 19 20 21 22 23 24 25 26 27 28 29 30
13: 13 14 15 16 17 18 19 20 21 22 23 24 25 26 27 28 29 30
14: 14 15 16 17 18 19 20 21 22 23 24 25 26 27 28 29 30
15: 15 16 17 18 19 20 21 22 23 24 25 26 27 28 29 30
16: 16 17 18 19 20 21 22 23 24 25 26 27 28 29 30
17: 17 18 19 20 21 22 23 24 25 26 27 28 29 30
18: 18 19 20 21 22 23 24 25 26 27 28 29 30
19: 19 20 21 22 23 24 25 26 27 28 29 30
20: 20 21 22 23 24 25 26 27 28 29 30
21: 21 22 23 24 25 26 27 28 29 30
22: 22 23 24 25 26 27 28 29 30
23: 23 24 25 26 27 28 29 30
24: 24 25 26 27 28 29 30
25: 25 26 27 28 29 30
26: 26 27 28 29 30
27: 27 28 29 30
28: 28 29 30
29: 29 30
30: 30
Deletions
Copy and scan
source size : 0
copy size : 0
Tree's copy is empty

Reverse scan

Assignment
Clear
Tree's is empty
